// Jest Snapshot v1, https://goo.gl/fbAQLP

exports[`expect to render CardList component 1`] = `
<div>
  <Card
    email="test@gmail.com"
    id={1}
    key="0"
    name="John Smith"
  />
</div>
`;
